Type-safe project accessors is an incubating feature.
> Task :buildSrc:compileJava NO-SOURCE
> Task :buildSrc:compileGroovy NO-SOURCE
> Task :buildSrc:processResources NO-SOURCE
> Task :buildSrc:classes UP-TO-DATE
> Task :buildSrc:jar UP-TO-DATE

> Configure project :fabric
Fabric Loom: 1.14.8

> Configure project :mc1_20_1-common
Fabric Loom: 1.14.8

> Configure project :mc1_20_1-fabric
Fabric Loom: 1.14.8

> Configure project :mc1_21_1-fabric
Fabric Loom: 1.14.8

> Task :common:createMinecraftArtifacts UP-TO-DATE
> Task :common:compileJava UP-TO-DATE
> Task :common:processResources UP-TO-DATE
> Task :common:classes UP-TO-DATE
> Task :common:jarJar NO-SOURCE
> Task :common:jar UP-TO-DATE
> Task :fabric:compileJava UP-TO-DATE
> Task :fabric:processResources UP-TO-DATE
> Task :fabric:classes UP-TO-DATE
> Task :fabric:compileClientJava UP-TO-DATE
> Task :fabric:processClientResources NO-SOURCE
> Task :fabric:clientClasses UP-TO-DATE
> Task :fabric:deleteGameTestRunDir
> Task :fabric:acceptGameTestEula
> Task :common:exportClasspath UP-TO-DATE
> Task :fabric:generateLog4jConfig UP-TO-DATE
> Task :fabric:generateRemapClasspath UP-TO-DATE
> Task :fabric:generateDLIConfig UP-TO-DATE
> Task :fabric:configureLaunch
> Task :fabric:downloadAssets UP-TO-DATE
> Task :fabric:configureClientLaunch

> Task :fabric:runClientGameTest
[34m[02:39:01][m [33m[main/WARN][m [36m(FabricLoader/Knot)[m [0mClass path entries reference missing files: D:\terrasect\fabric\build\resources\client - the game may not load properly!
[m[34m[02:39:01][m [32m[main/INFO][m [36m(FabricLoader/GameProvider)[m [0mLoading Minecraft 1.21.11 with Fabric Loader 0.18.3
[m[34m[02:39:02][m [32m[main/INFO][m [36m(FabricLoader)[m [0mLoading 51 mods:
	- fabric-api 0.140.0+1.21.11
	- fabric-api-base 1.0.5+4ebb5c083e
	- fabric-api-lookup-api-v1 1.6.113+1fb1cde93e
	- fabric-biome-api-v1 17.1.1+4fc5413f3e
	- fabric-block-api-v1 1.1.10+4ebb5c083e
	- fabric-block-view-api-v2 1.0.39+4ebb5c083e
	- fabric-client-gametest-api-v1 4.3.5+bfe9fcf43e
	- fabric-command-api-v2 2.4.7+6b42a6003e
	- fabric-content-registries-v0 10.2.14+4fc5413f3e
	- fabric-convention-tags-v1 2.1.55+7f945d5b3e
	- fabric-convention-tags-v2 2.17.3+8ef948ba3e
	- fabric-crash-report-info-v1 0.3.23+4ebb5c083e
	- fabric-data-attachment-api-v1 1.8.43+1fb1cde93e
	- fabric-data-generation-api-v1 23.3.0+ae1056283e
	- fabric-dimensions-v1 4.0.28+4fc5413f3e
	- fabric-entity-events-v1 3.0.5+4ebb5c083e
	- fabric-events-interaction-v0 4.0.44+1fb1cde93e
	- fabric-game-rule-api-v1 2.0.3+4fc5413f3e
	- fabric-gametest-api-v1 3.1.27+4fc5413f3e
	- fabric-item-api-v1 11.5.20+d0c46b9e3e
	- fabric-item-group-api-v1 4.2.36+4fc5413f3e
	- fabric-key-binding-api-v1 1.1.7+4fc5413f3e
	- fabric-lifecycle-events-v1 2.6.15+4ebb5c083e
	- fabric-loot-api-v2 3.0.73+3f89f5a53e
	- fabric-loot-api-v3 2.0.20+78c8b4663e
	- fabric-message-api-v1 6.1.12+4ebb5c083e
	- fabric-model-loading-api-v1 6.0.12+4fc5413f3e
	- fabric-networking-api-v1 5.1.5+ae1e07683e
	- fabric-object-builder-api-v1 21.1.38+4fc5413f3e
	- fabric-particles-v1 4.2.11+4fc5413f3e
	- fabric-recipe-api-v1 8.2.3+4ebb5c083e
	- fabric-registry-sync-v0 6.2.4+4ebb5c083e
	- fabric-renderer-api-v1 8.0.0+f4ffd2e53e
	- fabric-renderer-indigo 5.0.0+f4ffd2e53e
	- fabric-rendering-fluids-v1 3.1.43+4ebb5c083e
	- fabric-rendering-v1 16.2.7+f4ffd2e53e
	- fabric-resource-conditions-api-v1 5.0.35+4fc5413f3e
	- fabric-resource-loader-v0 3.3.4+4fc5413f3e
	- fabric-resource-loader-v1 1.0.10+78c8b4663e
	- fabric-screen-api-v1 3.1.7+4ebb5c083e
	- fabric-screen-handler-api-v1 1.3.160+4fc5413f3e
	- fabric-serialization-api-v1 1.0.5+4ebb5c083e
	- fabric-sound-api-v1 1.0.51+4fc5413f3e
	- fabric-tag-api-v1 1.2.20+4fc5413f3e
	- fabric-transfer-api-v1 6.0.24+4fc5413f3e
	- fabric-transitive-access-wideners-v1 7.0.8+0107c3da3e
	- fabricloader 0.18.3
	- java 21
	- minecraft 1.21.11
	- mixinextras 0.5.0
	- terrasect 0.1.0
[m[34m[02:39:02][m [33m[main/WARN][m [36m(FabricLoader)[m [0mFound 1 non-fabric mod:
	- common-0.1.0.jar
[m[34m[02:39:02][m [32m[main/INFO][m [36m(FabricLoader/Mixin)[m [0mSpongePowered MIXIN Subsystem Version=0.8.7 Source=file:/C:/Users/alex/.gradle/caches/modules-2/files-2.1/net.fabricmc/sponge-mixin/0.16.5+mixin.0.8.7/80fc3a9f592673cea87f4cd702f87991c6c9fe4d/sponge-mixin-0.16.5+mixin.0.8.7.jar Service=Knot/Fabric Env=CLIENT
[m[34m[02:39:02][m [32m[main/INFO][m [36m(FabricLoader/Mixin)[m [0mLoaded Fabric development mappings for mixin remapper!
[m[34m[02:39:02][m [32m[main/INFO][m [36m(FabricLoader/Mixin)[m [0mCompatibility level set to JAVA_21
[m[34m[02:39:03][m [32m[main/INFO][m [36m(FabricLoader/MixinExtras|Service)[m [0mInitializing MixinExtras via com.llamalad7.mixinextras.service.MixinExtrasServiceImpl(version=0.5.0).
[m[34m[02:39:04][m [32m[Datafixer Bootstrap/INFO][m [36m(Minecraft)[m [0m287 Datafixer optimizations took 518 milliseconds
[m[34m[02:39:10][m [32m[Render thread/INFO][m [36m(Minecraft)[m [0mEnvironment: Environment[sessionHost=https://sessionserver.mojang.com, servicesHost=https://api.minecraftservices.com, profilesHost=https://api.mojang.com, name=PROD]
[m[34m[02:39:10][m [32m[Render thread/INFO][m [36m(Minecraft)[m [0mSetting user: Player0
[m[34m[02:39:10][m [32m[Render thread/INFO][m [36m(terrasect)[m [0mTerrasect mod initialization started
[m[34m[02:39:10][m [32m[Render thread/INFO][m [36m(terrasect)[m [0mRegistering utilitarian test regions for development
[m[34m[02:39:10][m [32m[Render thread/INFO][m [36m(terrasect)[m [0mRegistered region hierarchy 'WORLD' for dimension 'minecraft:overworld'
[m[34m[02:39:10][m [32m[Render thread/INFO][m [36m(terrasect)[m [0mRegistered region hierarchy 'END_ROOT' for dimension 'minecraft:the_end'
[m[34m[02:39:10][m [32m[Render thread/INFO][m [36m(terrasect)[m [0mTest regions registered:
[m[34m[02:39:10][m [32m[Render thread/INFO][m [36m(terrasect)[m [0m  Overworld: 2 child regions
[m[34m[02:39:10][m [32m[Render thread/INFO][m [36m(terrasect)[m [0m  The End: 3 child regions
[m[34m[02:39:10][m [32m[Render thread/INFO][m [36m(terrasect)[m [0mTerrasect initialized with TEST regions for 2 dimensions
[m[34m[02:39:10][m [32m[Render thread/INFO][m [36m(Indigo)[m [0m[Indigo] Registering Indigo renderer!
[m[34m[02:39:10][m [31m[Render thread/ERROR][m [36m(Minecraft)[m [31mIllegal option value 0 for Anisotropic Filtering
[m[34m[02:39:10][m [32m[Render thread/INFO][m [36m(Minecraft)[m [0mBackend library: LWJGL version 3.3.3-snapshot
[m[34m[02:39:11][m [32m[Render thread/INFO][m [36m(Minecraft)[m [0mUsing optional rendering extensions: GL_ARB_buffer_storage, GL_KHR_debug, GL_ARB_vertex_attrib_binding, GL_ARB_direct_state_access, GL_EXT_texture_filter_anisotropic
[m[34m[02:39:12][m [32m[Render thread/INFO][m [36m(Minecraft)[m [0mReloading ResourceManager: vanilla, fabric-api, fabric-api-base, fabric-api-lookup-api-v1, fabric-biome-api-v1, fabric-block-api-v1, fabric-block-view-api-v2, fabric-client-gametest-api-v1, fabric-command-api-v2, fabric-content-registries-v0, fabric-convention-tags-v1, fabric-convention-tags-v2, fabric-crash-report-info-v1, fabric-data-attachment-api-v1, fabric-data-generation-api-v1, fabric-dimensions-v1, fabric-entity-events-v1, fabric-events-interaction-v0, fabric-game-rule-api-v1, fabric-gametest-api-v1, fabric-item-api-v1, fabric-item-group-api-v1, fabric-key-binding-api-v1, fabric-lifecycle-events-v1, fabric-loot-api-v2, fabric-loot-api-v3, fabric-message-api-v1, fabric-model-loading-api-v1, fabric-networking-api-v1, fabric-object-builder-api-v1, fabric-particles-v1, fabric-recipe-api-v1, fabric-registry-sync-v0, fabric-renderer-api-v1, fabric-renderer-indigo, fabric-rendering-fluids-v1, fabric-rendering-v1, fabric-resource-conditions-api-v1, fabric-resource-loader-v0, fabric-resource-loader-v1, fabric-screen-api-v1, fabric-screen-handler-api-v1, fabric-serialization-api-v1, fabric-sound-api-v1, fabric-tag-api-v1, fabric-transfer-api-v1, fabric-transitive-access-wideners-v1, fabricloader, terrasect
[m[34m[02:39:13][m [32m[Worker-Main-13/INFO][m [36m(Minecraft)[m [0mFound unifont_all_no_pua-17.0.01.hex, loading
[m[34m[02:39:13][m [32m[Worker-Main-8/INFO][m [36m(Minecraft)[m [0mFound unifont_pua-17.0.01.hex, loading
[m[34m[02:39:13][m [32m[Worker-Main-18/INFO][m [36m(Minecraft)[m [0mFound unifont_jp_patch-17.0.01.hex, loading
[m[34m[02:39:13][m [32m[Download-2/INFO][m [36m(Minecraft)[m [0mCould not authorize you against Realms server: java.lang.RuntimeException: Failed to parse into SignedJWT: FabricMC
[m[34m[02:39:15][m [32m[Render thread/INFO][m [36m(Minecraft)[m [0mOpenAL initialized on device OpenAL Soft on ╨Э╨░╤Г╤И╨╜╨╕╨║╨╕ (3- Arctis 7+)
[m[34m[02:39:15][m [32m[Render thread/INFO][m [36m(Minecraft)[m [0mSound engine started
[m[34m[02:39:15][m [32m[Render thread/INFO][m [36m(Minecraft)[m [0mCreated: 512x256x0 minecraft:textures/atlas/particles.png-atlas
[m[34m[02:39:15][m [32m[Render thread/INFO][m [36m(Minecraft)[m [0mCreated: 128x128x0 minecraft:textures/atlas/decorated_pot.png-atlas
[m[34m[02:39:15][m [32m[Render thread/INFO][m [36m(Minecraft)[m [0mCreated: 2048x1024x0 minecraft:textures/atlas/armor_trims.png-atlas
[m[34m[02:39:15][m [32m[Render thread/INFO][m [36m(Minecraft)[m [0mCreated: 512x256x0 minecraft:textures/atlas/paintings.png-atlas
[m[34m[02:39:15][m [32m[Render thread/INFO][m [36m(Minecraft)[m [0mCreated: 1024x512x0 minecraft:textures/atlas/shield_patterns.png-atlas
[m[34m[02:39:15][m [32m[Render thread/INFO][m [36m(Minecraft)[m [0mCreated: 2048x2048x4 minecraft:textures/atlas/blocks.png-atlas
[m[34m[02:39:16][m [32m[Render thread/INFO][m [36m(Minecraft)[m [0mCreated: 512x512x0 minecraft:textures/atlas/chest.png-atlas
[m[34m[02:39:16][m [32m[Render thread/INFO][m [36m(Minecraft)[m [0mCreated: 256x128x0 minecraft:textures/atlas/celestials.png-atlas
[m[34m[02:39:16][m [32m[Render thread/INFO][m [36m(Minecraft)[m [0mCreated: 1024x512x0 minecraft:textures/atlas/banner_patterns.png-atlas
[m[34m[02:39:16][m [32m[Render thread/INFO][m [36m(Minecraft)[m [0mCreated: 512x512x0 minecraft:textures/atlas/beds.png-atlas
[m[34m[02:39:16][m [32m[Render thread/INFO][m [36m(Minecraft)[m [0mCreated: 1024x512x0 minecraft:textures/atlas/items.png-atlas
[m[34m[02:39:16][m [32m[Render thread/INFO][m [36m(Minecraft)[m [0mCreated: 1024x1024x0 minecraft:textures/atlas/gui.png-atlas
[m[34m[02:39:16][m [32m[Render thread/INFO][m [36m(Minecraft)[m [0mCreated: 128x64x0 minecraft:textures/atlas/map_decorations.png-atlas
[m[34m[02:39:16][m [32m[Render thread/INFO][m [36m(Minecraft)[m [0mCreated: 512x256x0 minecraft:textures/atlas/signs.png-atlas
[m[34m[02:39:16][m [32m[Render thread/INFO][m [36m(Minecraft)[m [0mCreated: 512x512x0 minecraft:textures/atlas/shulker_boxes.png-atlas
[m[34m[02:39:17][m [32m[IO-Worker-1/INFO][m [36m(Minecraft)[m [0mCould not authorize you against Realms server: java.lang.RuntimeException: Failed to parse into SignedJWT: FabricMC
[m[34m[02:39:19][m [32m[Test thread/INFO][m [36m(Minecraft)[m [0m[STDOUT]: === Client GameTest Starting ===
[m[34m[02:39:19][m [32m[Test thread/INFO][m [36m(Minecraft)[m [0m[STDOUT]: Creating a NORMAL world to verify MixinSampler matches reality...
[m[34m[02:39:20][m [32m[Render thread/INFO][m [36m(Minecraft)[m [0mLoaded 1470 recipes
[m[34m[02:39:20][m [32m[Render thread/INFO][m [36m(Minecraft)[m [0mLoaded 1584 advancements
[m[34m[02:39:20][m [32m[Render thread/INFO][m [36m(fabric-client-gametest-api-v1)[m [0mWorld loading finished: null screen: net.minecraft.client.gui.screens.GenericMessageScreen@1ac447f5
[m[34m[02:39:20][m [32m[Render thread/INFO][m [36m(BiomeModificationImpl)[m [0mApplied 0 biome modifications to 0 of 65 new biomes in 1.105 ms
[m[34m[02:39:20][m [32m[Server thread/INFO][m [36m(Minecraft)[m [0mStarting integrated minecraft server version 1.21.11
[m[34m[02:39:20][m [32m[Server thread/INFO][m [36m(Minecraft)[m [0mGenerating keypair
[m[34m[02:39:21][m [32m[Server thread/INFO][m [36m(terrasect)[m [0mCalculating grid offset for anchored region 'SPAWN' in 'minecraft:overworld'
[m[34m[02:39:21][m [32m[Worker-Main-13/INFO][m [36m(terrasect)[m [0mClimateHandler: First climate modification call at quart coords (1329, 0, -2365)
[m[34m[02:39:21][m [32m[Worker-Main-17/INFO][m [36m(terrasect)[m [0mClimateHandler: First climate modification call at quart coords (316, 0, 2926)
[m[34m[02:39:21][m [32m[Worker-Main-18/INFO][m [36m(terrasect)[m [0mClimateHandler: First climate modification call at quart coords (219, 0, -465)
[m[34m[02:39:21][m [32m[Server thread/INFO][m [36m(terrasect)[m [0mFound anchored region 'SPAWN' at (-146, -146)
[m[34m[02:39:21][m [32m[Server thread/INFO][m [36m(terrasect)[m [0mGrid offset for 'minecraft:overworld': dx=-146.0, dz=-146.0
[m[34m[02:39:21][m [32m[Server thread/INFO][m [36m(Minecraft)[m [0mSelecting global world spawn...
[m[34m[02:39:22][m [32m[Worker-Main-4/INFO][m [36m(terrasect)[m [0mTerrainHandler: First getMaxHeight call at (-16, 16)
[m[34m[02:39:25][m [32m[Server thread/INFO][m [36m(Minecraft)[m [0mLoading 0 persistent chunks...
[m[34m[02:39:25][m [32m[Server thread/INFO][m [36m(Minecraft)[m [0mPreparing spawn area: 16%
[m[34m[02:39:25][m [32m[Render thread/INFO][m [36m(fabric-client-gametest-api-v1)[m [0mWorld loading finished: null screen: net.minecraft.client.gui.screens.LevelLoadingScreen@6f5bdfe0
[m[34m[02:39:26][m [32m[Render thread/INFO][m [36m(fabric-client-gametest-api-v1)[m [0mWorld loading finished: null screen: net.minecraft.client.gui.screens.LevelLoadingScreen@6f5bdfe0
[m[34m[02:39:26][m [32m[Render thread/INFO][m [36m(fabric-client-gametest-api-v1)[m [0mWorld loading finished: null screen: net.minecraft.client.gui.screens.LevelLoadingScreen@6f5bdfe0
[m[34m[02:39:26][m [32m[Render thread/INFO][m [36m(fabric-client-gametest-api-v1)[m [0mWorld loading finished: null screen: net.minecraft.client.gui.screens.LevelLoadingScreen@6f5bdfe0
[m[34m[02:39:26][m [32m[Render thread/INFO][m [36m(fabric-client-gametest-api-v1)[m [0mWorld loading finished: null screen: net.minecraft.client.gui.screens.LevelLoadingScreen@6f5bdfe0
[m[34m[02:39:26][m [32m[Render thread/INFO][m [36m(fabric-client-gametest-api-v1)[m [0mWorld loading finished: null screen: net.minecraft.client.gui.screens.LevelLoadingScreen@6f5bdfe0
[m[34m[02:39:26][m [32m[Render thread/INFO][m [36m(fabric-client-gametest-api-v1)[m [0mWorld loading finished: null screen: net.minecraft.client.gui.screens.LevelLoadingScreen@6f5bdfe0
[m[34m[02:39:26][m [32m[Server thread/INFO][m [36m(Minecraft)[m [0mLoading 48 chunks for player spawn...
[m[34m[02:39:26][m [32m[Server thread/INFO][m [36m(Minecraft)[m [0mPreparing spawn area: 16%
[m[34m[02:39:26][m [32m[Render thread/INFO][m [36m(fabric-client-gametest-api-v1)[m [0mWorld loading finished: null screen: net.minecraft.client.gui.screens.LevelLoadingScreen@6f5bdfe0
[m[34m[02:39:26][m [32m[Server thread/INFO][m [36m(Minecraft)[m [0mPreparing spawn area: 16%
[m[34m[02:39:26][m [32m[Render thread/INFO][m [36m(fabric-client-gametest-api-v1)[m [0mWorld loading finished: null screen: net.minecraft.client.gui.screens.LevelLoadingScreen@6f5bdfe0
[m[34m[02:39:26][m [32m[Server thread/INFO][m [36m(Minecraft)[m [0mPreparing spawn area: 16%
[m[34m[02:39:26][m [32m[Render thread/INFO][m [36m(fabric-client-gametest-api-v1)[m [0mWorld loading finished: null screen: net.minecraft.client.gui.screens.LevelLoadingScreen@6f5bdfe0
[m[34m[02:39:26][m [32m[Server thread/INFO][m [36m(Minecraft)[m [0mPreparing spawn area: 16%
[m[34m[02:39:26][m [32m[Render thread/INFO][m [36m(fabric-client-gametest-api-v1)[m [0mWorld loading finished: null screen: net.minecraft.client.gui.screens.LevelLoadingScreen@6f5bdfe0
[m[34m[02:39:26][m [32m[Server thread/INFO][m [36m(Minecraft)[m [0mPreparing spawn area: 16%
[m[34m[02:39:26][m [32m[Render thread/INFO][m [36m(fabric-client-gametest-api-v1)[m [0mWorld loading finished: null screen: net.minecraft.client.gui.screens.LevelLoadingScreen@6f5bdfe0
[m[34m[02:39:26][m [32m[Server thread/INFO][m [36m(Minecraft)[m [0mPreparing spawn area: 16%
[m[34m[02:39:26][m [32m[Render thread/INFO][m [36m(fabric-client-gametest-api-v1)[m [0mWorld loading finished: null screen: net.minecraft.client.gui.screens.LevelLoadingScreen@6f5bdfe0
[m[34m[02:39:26][m [32m[Server thread/INFO][m [36m(Minecraft)[m [0mPreparing spawn area: 16%
[m[34m[02:39:26][m [32m[Render thread/INFO][m [36m(fabric-client-gametest-api-v1)[m [0mWorld loading finished: null screen: net.minecraft.client.gui.screens.LevelLoadingScreen@6f5bdfe0
[m[34m[02:39:26][m [32m[Server thread/INFO][m [36m(Minecraft)[m [0mPreparing spawn area: 16%
[m[34m[02:39:26][m [32m[Render thread/INFO][m [36m(fabric-client-gametest-api-v1)[m [0mWorld loading finished: null screen: net.minecraft.client.gui.screens.LevelLoadingScreen@6f5bdfe0
[m[34m[02:39:26][m [32m[Server thread/INFO][m [36m(Minecraft)[m [0mPreparing spawn area: 16%
[m[34m[02:39:26][m [32m[Render thread/INFO][m [36m(fabric-client-gametest-api-v1)[m [0mWorld loading finished: null screen: net.minecraft.client.gui.screens.LevelLoadingScreen@6f5bdfe0
[m[34m[02:39:26][m [32m[Server thread/INFO][m [36m(Minecraft)[m [0mPreparing spawn area: 16%
[m[34m[02:39:27][m [32m[Render thread/INFO][m [36m(fabric-client-gametest-api-v1)[m [0mWorld loading finished: null screen: net.minecraft.client.gui.screens.LevelLoadingScreen@6f5bdfe0
[m[34m[02:39:27][m [32m[Server thread/INFO][m [36m(Minecraft)[m [0mPreparing spawn area: 16%
[m[34m[02:39:27][m [32m[Render thread/INFO][m [36m(fabric-client-gametest-api-v1)[m [0mWorld loading finished: null screen: net.minecraft.client.gui.screens.LevelLoadingScreen@6f5bdfe0
[m[34m[02:39:27][m [32m[Render thread/INFO][m [36m(fabric-client-gametest-api-v1)[m [0mWorld loading finished: null screen: net.minecraft.client.gui.screens.LevelLoadingScreen@6f5bdfe0
[m[34m[02:39:27][m [32m[Render thread/INFO][m [36m(fabric-client-gametest-api-v1)[m [0mWorld loading finished: null screen: net.minecraft.client.gui.screens.LevelLoadingScreen@6f5bdfe0
[m[34m[02:39:27][m [32m[Render thread/INFO][m [36m(fabric-client-gametest-api-v1)[m [0mWorld loading finished: null screen: net.minecraft.client.gui.screens.LevelLoadingScreen@6f5bdfe0
[m[34m[02:39:27][m [32m[Server thread/INFO][m [36m(Minecraft)[m [0mPreparing spawn area: 16%
[m[34m[02:39:27][m [32m[Render thread/INFO][m [36m(fabric-client-gametest-api-v1)[m [0mWorld loading finished: null screen: net.minecraft.client.gui.screens.LevelLoadingScreen@6f5bdfe0
[m[34m[02:39:27][m [32m[Render thread/INFO][m [36m(fabric-client-gametest-api-v1)[m [0mWorld loading finished: null screen: net.minecraft.client.gui.screens.LevelLoadingScreen@6f5bdfe0
[m[34m[02:39:27][m [32m[Render thread/INFO][m [36m(fabric-client-gametest-api-v1)[m [0mWorld loading finished: null screen: net.minecraft.client.gui.screens.LevelLoadingScreen@6f5bdfe0
[m[34m[02:39:27][m [32m[Render thread/INFO][m [36m(fabric-client-gametest-api-v1)[m [0mWorld loading finished: null screen: net.minecraft.client.gui.screens.LevelLoadingScreen@6f5bdfe0
[m[34m[02:39:27][m [32m[Render thread/INFO][m [36m(fabric-client-gametest-api-v1)[m [0mWorld loading finished: null screen: net.minecraft.client.gui.screens.LevelLoadingScreen@6f5bdfe0
[m[34m[02:39:27][m [32m[Render thread/INFO][m [36m(fabric-client-gametest-api-v1)[m [0mWorld loading finished: null screen: net.minecraft.client.gui.screens.LevelLoadingScreen@6f5bdfe0
[m[34m[02:39:27][m [32m[Render thread/INFO][m [36m(fabric-client-gametest-api-v1)[m [0mWorld loading finished: null screen: net.minecraft.client.gui.screens.LevelLoadingScreen@6f5bdfe0
[m[34m[02:39:27][m [32m[Render thread/INFO][m [36m(fabric-client-gametest-api-v1)[m [0mWorld loading finished: null screen: net.minecraft.client.gui.screens.LevelLoadingScreen@6f5bdfe0
[m[34m[02:39:27][m [32m[Render thread/INFO][m [36m(fabric-client-gametest-api-v1)[m [0mWorld loading finished: null screen: net.minecraft.client.gui.screens.LevelLoadingScreen@6f5bdfe0
[m[34m[02:39:27][m [32m[Render thread/INFO][m [36m(fabric-client-gametest-api-v1)[m [0mWorld loading finished: null screen: net.minecraft.client.gui.screens.LevelLoadingScreen@6f5bdfe0
[m[34m[02:39:27][m [32m[Server thread/INFO][m [36m(Minecraft)[m [0mPreparing spawn area: 16%
[m[34m[02:39:27][m [32m[Render thread/INFO][m [36m(fabric-client-gametest-api-v1)[m [0mWorld loading finished: null screen: net.minecraft.client.gui.screens.LevelLoadingScreen@6f5bdfe0
[m[34m[02:39:27][m [32m[Render thread/INFO][m [36m(fabric-client-gametest-api-v1)[m [0mWorld loading finished: null screen: net.minecraft.client.gui.screens.LevelLoadingScreen@6f5bdfe0
[m[34m[02:39:27][m [32m[Render thread/INFO][m [36m(fabric-client-gametest-api-v1)[m [0mWorld loading finished: null screen: net.minecraft.client.gui.screens.LevelLoadingScreen@6f5bdfe0
[m[34m[02:39:27][m [32m[Render thread/INFO][m [36m(fabric-client-gametest-api-v1)[m [0mWorld loading finished: null screen: net.minecraft.client.gui.screens.LevelLoadingScreen@6f5bdfe0
[m[34m[02:39:27][m [32m[Worker-Main-10/INFO][m [36m(terrasect)[m [0mTerrainHandler: First height constraint at (-224, 144), region=BORDER, maxHeight=50
[m[34m[02:39:28][m [32m[Render thread/INFO][m [36m(fabric-client-gametest-api-v1)[m [0mWorld loading finished: null screen: net.minecraft.client.gui.screens.LevelLoadingScreen@6f5bdfe0
[m[34m[02:39:28][m [32m[Render thread/INFO][m [36m(fabric-client-gametest-api-v1)[m [0mWorld loading finished: null screen: net.minecraft.client.gui.screens.LevelLoadingScreen@6f5bdfe0
[m[34m[02:39:28][m [32m[Render thread/INFO][m [36m(fabric-client-gametest-api-v1)[m [0mWorld loading finished: null screen: net.minecraft.client.gui.screens.LevelLoadingScreen@6f5bdfe0
[m[34m[02:39:28][m [32m[Render thread/INFO][m [36m(fabric-client-gametest-api-v1)[m [0mWorld loading finished: null screen: net.minecraft.client.gui.screens.LevelLoadingScreen@6f5bdfe0
[m[34m[02:39:28][m [32m[Render thread/INFO][m [36m(fabric-client-gametest-api-v1)[m [0mWorld loading finished: null screen: net.minecraft.client.gui.screens.LevelLoadingScreen@6f5bdfe0
[m[34m[02:39:28][m [32m[Render thread/INFO][m [36m(fabric-client-gametest-api-v1)[m [0mWorld loading finished: null screen: net.minecraft.client.gui.screens.LevelLoadingScreen@6f5bdfe0
[m[34m[02:39:28][m [32m[Server thread/INFO][m [36m(Minecraft)[m [0mPreparing spawn area: 16%
[m[34m[02:39:28][m [32m[Render thread/INFO][m [36m(fabric-client-gametest-api-v1)[m [0mWorld loading finished: null screen: net.minecraft.client.gui.screens.LevelLoadingScreen@6f5bdfe0
[m[34m[02:39:28][m [32m[Render thread/INFO][m [36m(fabric-client-gametest-api-v1)[m [0mWorld loading finished: null screen: net.minecraft.client.gui.screens.LevelLoadingScreen@6f5bdfe0
[m[34m[02:39:28][m [32m[Render thread/INFO][m [36m(fabric-client-gametest-api-v1)[m [0mWorld loading finished: null screen: net.minecraft.client.gui.screens.LevelLoadingScreen@6f5bdfe0
[m[34m[02:39:28][m [32m[Render thread/INFO][m [36m(fabric-client-gametest-api-v1)[m [0mWorld loading finished: null screen: net.minecraft.client.gui.screens.LevelLoadingScreen@6f5bdfe0
[m[34m[02:39:28][m [32m[Render thread/INFO][m [36m(fabric-client-gametest-api-v1)[m [0mWorld loading finished: null screen: net.minecraft.client.gui.screens.LevelLoadingScreen@6f5bdfe0
[m[34m[02:39:28][m [32m[Render thread/INFO][m [36m(fabric-client-gametest-api-v1)[m [0mWorld loading finished: null screen: net.minecraft.client.gui.screens.LevelLoadingScreen@6f5bdfe0
[m[34m[02:39:28][m [32m[Render thread/INFO][m [36m(fabric-client-gametest-api-v1)[m [0mWorld loading finished: null screen: net.minecraft.client.gui.screens.LevelLoadingScreen@6f5bdfe0
[m[34m[02:39:28][m [32m[Render thread/INFO][m [36m(fabric-client-gametest-api-v1)[m [0mWorld loading finished: null screen: net.minecraft.client.gui.screens.LevelLoadingScreen@6f5bdfe0
[m[34m[02:39:28][m [32m[Render thread/INFO][m [36m(fabric-client-gametest-api-v1)[m [0mWorld loading finished: null screen: net.minecraft.client.gui.screens.LevelLoadingScreen@6f5bdfe0
[m[34m[02:39:28][m [32m[Render thread/INFO][m [36m(fabric-client-gametest-api-v1)[m [0mWorld loading finished: null screen: net.minecraft.client.gui.screens.LevelLoadingScreen@6f5bdfe0
[m[34m[02:39:28][m [32m[Server thread/INFO][m [36m(Minecraft)[m [0mPreparing spawn area: 25%
[m[34m[02:39:28][m [32m[Render thread/INFO][m [36m(fabric-client-gametest-api-v1)[m [0mWorld loading finished: null screen: net.minecraft.client.gui.screens.LevelLoadingScreen@6f5bdfe0
[m[34m[02:39:28][m [32m[Render thread/INFO][m [36m(fabric-client-gametest-api-v1)[m [0mWorld loading finished: null screen: net.minecraft.client.gui.screens.LevelLoadingScreen@6f5bdfe0
[m[34m[02:39:28][m [32m[Render thread/INFO][m [36m(fabric-client-gametest-api-v1)[m [0mWorld loading finished: null screen: net.minecraft.client.gui.screens.LevelLoadingScreen@6f5bdfe0
[m[34m[02:39:28][m [32m[Render thread/INFO][m [36m(fabric-client-gametest-api-v1)[m [0mWorld loading finished: null screen: net.minecraft.client.gui.screens.LevelLoadingScreen@6f5bdfe0
[m[34m[02:39:29][m [32m[Render thread/INFO][m [36m(fabric-client-gametest-api-v1)[m [0mWorld loading finished: null screen: net.minecraft.client.gui.screens.LevelLoadingScreen@6f5bdfe0
[m[34m[02:39:29][m [32m[Render thread/INFO][m [36m(fabric-client-gametest-api-v1)[m [0mWorld loading finished: null screen: net.minecraft.client.gui.screens.LevelLoadingScreen@6f5bdfe0
[m[34m[02:39:29][m [32m[Render thread/INFO][m [36m(fabric-client-gametest-api-v1)[m [0mWorld loading finished: null screen: net.minecraft.client.gui.screens.LevelLoadingScreen@6f5bdfe0
[m[34m[02:39:29][m [32m[Render thread/INFO][m [36m(fabric-client-gametest-api-v1)[m [0mWorld loading finished: null screen: net.minecraft.client.gui.screens.LevelLoadingScreen@6f5bdfe0
[m[34m[02:39:29][m [32m[Render thread/INFO][m [36m(fabric-client-gametest-api-v1)[m [0mWorld loading finished: null screen: net.minecraft.client.gui.screens.LevelLoadingScreen@6f5bdfe0
[m[34m[02:39:29][m [32m[Render thread/INFO][m [36m(fabric-client-gametest-api-v1)[m [0mWorld loading finished: null screen: net.minecraft.client.gui.screens.LevelLoadingScreen@6f5bdfe0
[m[34m[02:39:29][m [32m[Server thread/INFO][m [36m(Minecraft)[m [0mPreparing spawn area: 25%
[m[34m[02:39:29][m [32m[Render thread/INFO][m [36m(fabric-client-gametest-api-v1)[m [0mWorld loading finished: null screen: net.minecraft.client.gui.screens.LevelLoadingScreen@6f5bdfe0
[m[34m[02:39:29][m [32m[Render thread/INFO][m [36m(fabric-client-gametest-api-v1)[m [0mWorld loading finished: null screen: net.minecraft.client.gui.screens.LevelLoadingScreen@6f5bdfe0
[m[34m[02:39:29][m [32m[Render thread/INFO][m [36m(fabric-client-gametest-api-v1)[m [0mWorld loading finished: null screen: net.minecraft.client.gui.screens.LevelLoadingScreen@6f5bdfe0
[m[34m[02:39:29][m [32m[Render thread/INFO][m [36m(fabric-client-gametest-api-v1)[m [0mWorld loading finished: null screen: net.minecraft.client.gui.screens.LevelLoadingScreen@6f5bdfe0
[m[34m[02:39:29][m [32m[Render thread/INFO][m [36m(fabric-client-gametest-api-v1)[m [0mWorld loading finished: null screen: net.minecraft.client.gui.screens.LevelLoadingScreen@6f5bdfe0
[m[34m[02:39:29][m [32m[Render thread/INFO][m [36m(fabric-client-gametest-api-v1)[m [0mWorld loading finished: null screen: net.minecraft.client.gui.screens.LevelLoadingScreen@6f5bdfe0
[m[34m[02:39:29][m [32m[Render thread/INFO][m [36m(fabric-client-gametest-api-v1)[m [0mWorld loading finished: null screen: net.minecraft.client.gui.screens.LevelLoadingScreen@6f5bdfe0
[m[34m[02:39:29][m [32m[Render thread/INFO][m [36m(fabric-client-gametest-api-v1)[m [0mWorld loading finished: null screen: net.minecraft.client.gui.screens.LevelLoadingScreen@6f5bdfe0
[m[34m[02:39:29][m [32m[Render thread/INFO][m [36m(fabric-client-gametest-api-v1)[m [0mWorld loading finished: null screen: net.minecraft.client.gui.screens.LevelLoadingScreen@6f5bdfe0
[m[34m[02:39:29][m [32m[Render thread/INFO][m [36m(fabric-client-gametest-api-v1)[m [0mWorld loading finished: null screen: net.minecraft.client.gui.screens.LevelLoadingScreen@6f5bdfe0
[m[34m[02:39:29][m [32m[Server thread/INFO][m [36m(Minecraft)[m [0mPreparing spawn area: 25%
[m[34m[02:39:29][m [32m[Render thread/INFO][m [36m(fabric-client-gametest-api-v1)[m [0mWorld loading finished: null screen: net.minecraft.client.gui.screens.LevelLoadingScreen@6f5bdfe0
[m[34m[02:39:29][m [32m[Render thread/INFO][m [36m(fabric-client-gametest-api-v1)[m [0mWorld loading finished: null screen: net.minecraft.client.gui.screens.LevelLoadingScreen@6f5bdfe0
[m[34m[02:39:29][m [32m[Render thread/INFO][m [36m(fabric-client-gametest-api-v1)[m [0mWorld loading finished: null screen: net.minecraft.client.gui.screens.LevelLoadingScreen@6f5bdfe0
[m[34m[02:39:29][m [32m[Render thread/INFO][m [36m(fabric-client-gametest-api-v1)[m [0mWorld loading finished: null screen: net.minecraft.client.gui.screens.LevelLoadingScreen@6f5bdfe0
[m[34m[02:39:30][m [32m[Render thread/INFO][m [36m(fabric-client-gametest-api-v1)[m [0mWorld loading finished: null screen: net.minecraft.client.gui.screens.LevelLoadingScreen@6f5bdfe0
[m[34m[02:39:30][m [32m[Render thread/INFO][m [36m(fabric-client-gametest-api-v1)[m [0mWorld loading finished: null screen: net.minecraft.client.gui.screens.LevelLoadingScreen@6f5bdfe0
[m[34m[02:39:30][m [32m[Render thread/INFO][m [36m(fabric-client-gametest-api-v1)[m [0mWorld loading finished: null screen: net.minecraft.client.gui.screens.LevelLoadingScreen@6f5bdfe0
[m[34m[02:39:30][m [32m[Render thread/INFO][m [36m(fabric-client-gametest-api-v1)[m [0mWorld loading finished: null screen: net.minecraft.client.gui.screens.LevelLoadingScreen@6f5bdfe0
[m[34m[02:39:30][m [32m[Render thread/INFO][m [36m(fabric-client-gametest-api-v1)[m [0mWorld loading finished: null screen: net.minecraft.client.gui.screens.LevelLoadingScreen@6f5bdfe0
[m[34m[02:39:30][m [32m[Render thread/INFO][m [36m(fabric-client-gametest-api-v1)[m [0mWorld loading finished: null screen: net.minecraft.client.gui.screens.LevelLoadingScreen@6f5bdfe0
[m[34m[02:39:30][m [32m[Server thread/INFO][m [36m(Minecraft)[m [0mPreparing spawn area: 30%
[m[34m[02:39:30][m [32m[Render thread/INFO][m [36m(fabric-client-gametest-api-v1)[m [0mWorld loading finished: null screen: net.minecraft.client.gui.screens.LevelLoadingScreen@6f5bdfe0
[m[34m[02:39:30][m [32m[Render thread/INFO][m [36m(fabric-client-gametest-api-v1)[m [0mWorld loading finished: null screen: net.minecraft.client.gui.screens.LevelLoadingScreen@6f5bdfe0
[m[34m[02:39:30][m [32m[Render thread/INFO][m [36m(fabric-client-gametest-api-v1)[m [0mWorld loading finished: null screen: net.minecraft.client.gui.screens.LevelLoadingScreen@6f5bdfe0
[m[34m[02:39:30][m [32m[Render thread/INFO][m [36m(fabric-client-gametest-api-v1)[m [0mWorld loading finished: null screen: net.minecraft.client.gui.screens.LevelLoadingScreen@6f5bdfe0
[m[34m[02:39:30][m [32m[Render thread/INFO][m [36m(fabric-client-gametest-api-v1)[m [0mWorld loading finished: null screen: net.minecraft.client.gui.screens.LevelLoadingScreen@6f5bdfe0
[m[34m[02:39:30][m [32m[Render thread/INFO][m [36m(fabric-client-gametest-api-v1)[m [0mWorld loading finished: null screen: net.minecraft.client.gui.screens.LevelLoadingScreen@6f5bdfe0
[m[34m[02:39:30][m [32m[Render thread/INFO][m [36m(fabric-client-gametest-api-v1)[m [0mWorld loading finished: null screen: net.minecraft.client.gui.screens.LevelLoadingScreen@6f5bdfe0
[m[34m[02:39:30][m [32m[Render thread/INFO][m [36m(fabric-client-gametest-api-v1)[m [0mWorld loading finished: null screen: net.minecraft.client.gui.screens.LevelLoadingScreen@6f5bdfe0
[m[34m[02:39:30][m [32m[Render thread/INFO][m [36m(fabric-client-gametest-api-v1)[m [0mWorld loading finished: null screen: net.minecraft.client.gui.screens.LevelLoadingScreen@6f5bdfe0
[m[34m[02:39:30][m [32m[Render thread/INFO][m [36m(fabric-client-gametest-api-v1)[m [0mWorld loading finished: null screen: net.minecraft.client.gui.screens.LevelLoadingScreen@6f5bdfe0
[m[34m[02:39:30][m [32m[Server thread/INFO][m [36m(Minecraft)[m [0mPreparing spawn area: 34%
[m[34m[02:39:30][m [32m[Render thread/INFO][m [36m(fabric-client-gametest-api-v1)[m [0mWorld loading finished: null screen: net.minecraft.client.gui.screens.LevelLoadingScreen@6f5bdfe0
[m[34m[02:39:30][m [32m[Render thread/INFO][m [36m(fabric-client-gametest-api-v1)[m [0mWorld loading finished: null screen: net.minecraft.client.gui.screens.LevelLoadingScreen@6f5bdfe0
[m[34m[02:39:30][m [32m[Render thread/INFO][m [36m(fabric-client-gametest-api-v1)[m [0mWorld loading finished: null screen: net.minecraft.client.gui.screens.LevelLoadingScreen@6f5bdfe0
[m[34m[02:39:30][m [32m[Render thread/INFO][m [36m(fabric-client-gametest-api-v1)[m [0mWorld loading finished: null screen: net.minecraft.client.gui.screens.LevelLoadingScreen@6f5bdfe0
[m[34m[02:39:31][m [32m[Render thread/INFO][m [36m(fabric-client-gametest-api-v1)[m [0mWorld loading finished: null screen: net.minecraft.client.gui.screens.LevelLoadingScreen@6f5bdfe0
[m[34m[02:39:31][m [32m[Render thread/INFO][m [36m(fabric-client-gametest-api-v1)[m [0mWorld loading finished: null screen: net.minecraft.client.gui.screens.LevelLoadingScreen@6f5bdfe0
[m[34m[02:39:31][m [32m[Render thread/INFO][m [36m(fabric-client-gametest-api-v1)[m [0mWorld loading finished: null screen: net.minecraft.client.gui.screens.LevelLoadingScreen@6f5bdfe0
[m[34m[02:39:31][m [32m[Render thread/INFO][m [36m(fabric-client-gametest-api-v1)[m [0mWorld loading finished: null screen: net.minecraft.client.gui.screens.LevelLoadingScreen@6f5bdfe0
[m[34m[02:39:31][m [32m[Render thread/INFO][m [36m(fabric-client-gametest-api-v1)[m [0mWorld loading finished: null screen: net.minecraft.client.gui.screens.LevelLoadingScreen@6f5bdfe0
[m[34m[02:39:31][m [32m[Render thread/INFO][m [36m(fabric-client-gametest-api-v1)[m [0mWorld loading finished: null screen: net.minecraft.client.gui.screens.LevelLoadingScreen@6f5bdfe0
[m[34m[02:39:31][m [32m[Render thread/INFO][m [36m(fabric-client-gametest-api-v1)[m [0mWorld loading finished: null screen: net.minecraft.client.gui.screens.LevelLoadingScreen@6f5bdfe0
[m[34m[02:39:31][m [32m[Server thread/INFO][m [36m(Minecraft)[m [0mPreparing spawn area: 44%
[m[34m[02:39:31][m [32m[Render thread/INFO][m [36m(fabric-client-gametest-api-v1)[m [0mWorld loading finished: null screen: net.minecraft.client.gui.screens.LevelLoadingScreen@6f5bdfe0
[m[34m[02:39:31][m [32m[Render thread/INFO][m [36m(fabric-client-gametest-api-v1)[m [0mWorld loading finished: null screen: net.minecraft.client.gui.screens.LevelLoadingScreen@6f5bdfe0
[m[34m[02:39:31][m [32m[Render thread/INFO][m [36m(fabric-client-gametest-api-v1)[m [0mWorld loading finished: null screen: net.minecraft.client.gui.screens.LevelLoadingScreen@6f5bdfe0
[m[34m[02:39:31][m [32m[Render thread/INFO][m [36m(fabric-client-gametest-api-v1)[m [0mWorld loading finished: null screen: net.minecraft.client.gui.screens.LevelLoadingScreen@6f5bdfe0
[m[34m[02:39:31][m [32m[Render thread/INFO][m [36m(fabric-client-gametest-api-v1)[m [0mWorld loading finished: null screen: net.minecraft.client.gui.screens.LevelLoadingScreen@6f5bdfe0
[m[34m[02:39:31][m [32m[Render thread/INFO][m [36m(fabric-client-gametest-api-v1)[m [0mWorld loading finished: null screen: net.minecraft.client.gui.screens.LevelLoadingScreen@6f5bdfe0
[m[34m[02:39:31][m [32m[Render thread/INFO][m [36m(fabric-client-gametest-api-v1)[m [0mWorld loading finished: null screen: net.minecraft.client.gui.screens.LevelLoadingScreen@6f5bdfe0
[m[34m[02:39:31][m [32m[Render thread/INFO][m [36m(fabric-client-gametest-api-v1)[m [0mWorld loading finished: null screen: net.minecraft.client.gui.screens.LevelLoadingScreen@6f5bdfe0
[m[34m[02:39:31][m [32m[Render thread/INFO][m [36m(fabric-client-gametest-api-v1)[m [0mWorld loading finished: null screen: net.minecraft.client.gui.screens.LevelLoadingScreen@6f5bdfe0
[m[34m[02:39:31][m [32m[Server thread/INFO][m [36m(Minecraft)[m [0mPreparing spawn area: 58%
[m[34m[02:39:31][m [32m[Render thread/INFO][m [36m(fabric-client-gametest-api-v1)[m [0mWorld loading finished: null screen: net.minecraft.client.gui.screens.LevelLoadingScreen@6f5bdfe0
[m[34m[02:39:31][m [32m[Render thread/INFO][m [36m(fabric-client-gametest-api-v1)[m [0mWorld loading finished: null screen: net.minecraft.client.gui.screens.LevelLoadingScreen@6f5bdfe0
[m[34m[02:39:31][m [32m[Render thread/INFO][m [36m(fabric-client-gametest-api-v1)[m [0mWorld loading finished: null screen: net.minecraft.client.gui.screens.LevelLoadingScreen@6f5bdfe0
[m[34m[02:39:31][m [32m[Render thread/INFO][m [36m(fabric-client-gametest-api-v1)[m [0mWorld loading finished: null screen: net.minecraft.client.gui.screens.LevelLoadingScreen@6f5bdfe0
[m[34m[02:39:32][m [32m[Render thread/INFO][m [36m(fabric-client-gametest-api-v1)[m [0mWorld loading finished: null screen: net.minecraft.client.gui.screens.LevelLoadingScreen@6f5bdfe0
[m[34m[02:39:32][m [32m[Render thread/INFO][m [36m(fabric-client-gametest-api-v1)[m [0mWorld loading finished: null screen: net.minecraft.client.gui.screens.LevelLoadingScreen@6f5bdfe0
[m[34m[02:39:32][m [32m[Render thread/INFO][m [36m(fabric-client-gametest-api-v1)[m [0mWorld loading finished: null screen: net.minecraft.client.gui.screens.LevelLoadingScreen@6f5bdfe0
[m[34m[02:39:32][m [32m[Render thread/INFO][m [36m(fabric-client-gametest-api-v1)[m [0mWorld loading finished: null screen: net.minecraft.client.gui.screens.LevelLoadingScreen@6f5bdfe0
[m[34m[02:39:32][m [32m[Render thread/INFO][m [36m(fabric-client-gametest-api-v1)[m [0mWorld loading finished: null screen: net.minecraft.client.gui.screens.LevelLoadingScreen@6f5bdfe0
[m[34m[02:39:32][m [32m[Render thread/INFO][m [36m(fabric-client-gametest-api-v1)[m [0mWorld loading finished: null screen: net.minecraft.client.gui.screens.LevelLoadingScreen@6f5bdfe0
[m[34m[02:39:32][m [32m[Server thread/INFO][m [36m(Minecraft)[m [0mPreparing spawn area: 58%
[m[34m[02:39:32][m [32m[Render thread/INFO][m [36m(fabric-client-gametest-api-v1)[m [0mWorld loading finished: null screen: net.minecraft.client.gui.screens.LevelLoadingScreen@6f5bdfe0
[m[34m[02:39:32][m [32m[Render thread/INFO][m [36m(fabric-client-gametest-api-v1)[m [0mWorld loading finished: null screen: net.minecraft.client.gui.screens.LevelLoadingScreen@6f5bdfe0
[m[34m[02:39:32][m [32m[Render thread/INFO][m [36m(fabric-client-gametest-api-v1)[m [0mWorld loading finished: null screen: net.minecraft.client.gui.screens.LevelLoadingScreen@6f5bdfe0
[m[34m[02:39:32][m [32m[Render thread/INFO][m [36m(fabric-client-gametest-api-v1)[m [0mWorld loading finished: null screen: net.minecraft.client.gui.screens.LevelLoadingScreen@6f5bdfe0
[m[34m[02:39:32][m [32m[Render thread/INFO][m [36m(fabric-client-gametest-api-v1)[m [0mWorld loading finished: null screen: net.minecraft.client.gui.screens.LevelLoadingScreen@6f5bdfe0
[m[34m[02:39:32][m [32m[Render thread/INFO][m [36m(fabric-client-gametest-api-v1)[m [0mWorld loading finished: null screen: net.minecraft.client.gui.screens.LevelLoadingScreen@6f5bdfe0
[m[34m[02:39:32][m [32m[Render thread/INFO][m [36m(fabric-client-gametest-api-v1)[m [0mWorld loading finished: null screen: net.minecraft.client.gui.screens.LevelLoadingScreen@6f5bdfe0
[m[34m[02:39:32][m [32m[Render thread/INFO][m [36m(fabric-client-gametest-api-v1)[m [0mWorld loading finished: null screen: net.minecraft.client.gui.screens.LevelLoadingScreen@6f5bdfe0
[m[34m[02:39:32][m [32m[Render thread/INFO][m [36m(fabric-client-gametest-api-v1)[m [0mWorld loading finished: null screen: net.minecraft.client.gui.screens.LevelLoadingScreen@6f5bdfe0
[m[34m[02:39:32][m [32m[Render thread/INFO][m [36m(fabric-client-gametest-api-v1)[m [0mWorld loading finished: null screen: net.minecraft.client.gui.screens.LevelLoadingScreen@6f5bdfe0
[m[34m[02:39:32][m [32m[Render thread/INFO][m [36m(fabric-client-gametest-api-v1)[m [0mWorld loading finished: null screen: net.minecraft.client.gui.screens.LevelLoadingScreen@6f5bdfe0
[m[34m[02:39:32][m [32m[Server thread/INFO][m [36m(Minecraft)[m [0mPreparing spawn area: 58%
[m[34m[02:39:32][m [32m[Render thread/INFO][m [36m(fabric-client-gametest-api-v1)[m [0mWorld loading finished: null screen: net.minecraft.client.gui.screens.LevelLoadingScreen@6f5bdfe0
[m[34m[02:39:32][m [32m[Render thread/INFO][m [36m(fabric-client-gametest-api-v1)[m [0mWorld loading finished: null screen: net.minecraft.client.gui.screens.LevelLoadingScreen@6f5bdfe0
[m[34m[02:39:32][m [32m[Render thread/INFO][m [36m(fabric-client-gametest-api-v1)[m [0mWorld loading finished: null screen: net.minecraft.client.gui.screens.LevelLoadingScreen@6f5bdfe0
[m[34m[02:39:32][m [32m[Render thread/INFO][m [36m(fabric-client-gametest-api-v1)[m [0mWorld loading finished: null screen: net.minecraft.client.gui.screens.LevelLoadingScreen@6f5bdfe0
[m[34m[02:39:33][m [32m[Render thread/INFO][m [36m(fabric-client-gametest-api-v1)[m [0mWorld loading finished: null screen: net.minecraft.client.gui.screens.LevelLoadingScreen@6f5bdfe0
[m[34m[02:39:33][m [32m[Render thread/INFO][m [36m(fabric-client-gametest-api-v1)[m [0mWorld loading finished: null screen: net.minecraft.client.gui.screens.LevelLoadingScreen@6f5bdfe0
[m[34m[02:39:33][m [32m[Render thread/INFO][m [36m(fabric-client-gametest-api-v1)[m [0mWorld loading finished: null screen: net.minecraft.client.gui.screens.LevelLoadingScreen@6f5bdfe0
[m[34m[02:39:33][m [32m[Render thread/INFO][m [36m(fabric-client-gametest-api-v1)[m [0mWorld loading finished: null screen: net.minecraft.client.gui.screens.LevelLoadingScreen@6f5bdfe0
[m[34m[02:39:33][m [32m[Render thread/INFO][m [36m(fabric-client-gametest-api-v1)[m [0mWorld loading finished: null screen: net.minecraft.client.gui.screens.LevelLoadingScreen@6f5bdfe0
[m[34m[02:39:33][m [32m[Render thread/INFO][m [36m(fabric-client-gametest-api-v1)[m [0mWorld loading finished: null screen: net.minecraft.client.gui.screens.LevelLoadingScreen@6f5bdfe0
[m[34m[02:39:33][m [32m[Server thread/INFO][m [36m(Minecraft)[m [0mPreparing spawn area: 58%
[m[34m[02:39:33][m [32m[Render thread/INFO][m [36m(fabric-client-gametest-api-v1)[m [0mWorld loading finished: null screen: net.minecraft.client.gui.screens.LevelLoadingScreen@6f5bdfe0
[m[34m[02:39:33][m [32m[Render thread/INFO][m [36m(fabric-client-gametest-api-v1)[m [0mWorld loading finished: null screen: net.minecraft.client.gui.screens.LevelLoadingScreen@6f5bdfe0
[m[34m[02:39:33][m [32m[Render thread/INFO][m [36m(fabric-client-gametest-api-v1)[m [0mWorld loading finished: null screen: net.minecraft.client.gui.screens.LevelLoadingScreen@6f5bdfe0
[m[34m[02:39:33][m [32m[Render thread/INFO][m [36m(fabric-client-gametest-api-v1)[m [0mWorld loading finished: null screen: net.minecraft.client.gui.screens.LevelLoadingScreen@6f5bdfe0
[m[34m[02:39:33][m [32m[Render thread/INFO][m [36m(fabric-client-gametest-api-v1)[m [0mWorld loading finished: null screen: net.minecraft.client.gui.screens.LevelLoadingScreen@6f5bdfe0
[m[34m[02:39:33][m [32m[Render thread/INFO][m [36m(fabric-client-gametest-api-v1)[m [0mWorld loading finished: null screen: net.minecraft.client.gui.screens.LevelLoadingScreen@6f5bdfe0
[m[34m[02:39:33][m [32m[Render thread/INFO][m [36m(fabric-client-gametest-api-v1)[m [0mWorld loading finished: null screen: net.minecraft.client.gui.screens.LevelLoadingScreen@6f5bdfe0
[m[34m[02:39:33][m [32m[Render thread/INFO][m [36m(fabric-client-gametest-api-v1)[m [0mWorld loading finished: null screen: net.minecraft.client.gui.screens.LevelLoadingScreen@6f5bdfe0
[m[34m[02:39:33][m [32m[Render thread/INFO][m [36m(fabric-client-gametest-api-v1)[m [0mWorld loading finished: null screen: net.minecraft.client.gui.screens.LevelLoadingScreen@6f5bdfe0
[m[34m[02:39:33][m [32m[Server thread/INFO][m [36m(Minecraft)[m [0mPreparing spawn area: 58%
[m[34m[02:39:33][m [32m[Render thread/INFO][m [36m(fabric-client-gametest-api-v1)[m [0mWorld loading finished: null screen: net.minecraft.client.gui.screens.LevelLoadingScreen@6f5bdfe0
[m[34m[02:39:33][m [32m[Render thread/INFO][m [36m(fabric-client-gametest-api-v1)[m [0mWorld loading finished: null screen: net.minecraft.client.gui.screens.LevelLoadingScreen@6f5bdfe0
[m[34m[02:39:33][m [32m[Render thread/INFO][m [36m(fabric-client-gametest-api-v1)[m [0mWorld loading finished: null screen: net.minecraft.client.gui.screens.LevelLoadingScreen@6f5bdfe0
[m[34m[02:39:33][m [32m[Render thread/INFO][m [36m(fabric-client-gametest-api-v1)[m [0mWorld loading finished: null screen: net.minecraft.client.gui.screens.LevelLoadingScreen@6f5bdfe0
[m[34m[02:39:34][m [32m[Render thread/INFO][m [36m(fabric-client-gametest-api-v1)[m [0mWorld loading finished: null screen: net.minecraft.client.gui.screens.LevelLoadingScreen@6f5bdfe0
[m[34m[02:39:34][m [32m[Render thread/INFO][m [36m(fabric-client-gametest-api-v1)[m [0mWorld loading finished: null screen: net.minecraft.client.gui.screens.LevelLoadingScreen@6f5bdfe0
[m[34m[02:39:34][m [32m[Render thread/INFO][m [36m(fabric-client-gametest-api-v1)[m [0mWorld loading finished: null screen: net.minecraft.client.gui.screens.LevelLoadingScreen@6f5bdfe0
[m[34m[02:39:34][m [32m[Render thread/INFO][m [36m(fabric-client-gametest-api-v1)[m [0mWorld loading finished: null screen: net.minecraft.client.gui.screens.LevelLoadingScreen@6f5bdfe0
[m[34m[02:39:34][m [32m[Render thread/INFO][m [36m(fabric-client-gametest-api-v1)[m [0mWorld loading finished: null screen: net.minecraft.client.gui.screens.LevelLoadingScreen@6f5bdfe0
[m[34m[02:39:34][m [32m[Render thread/INFO][m [36m(fabric-client-gametest-api-v1)[m [0mWorld loading finished: null screen: net.minecraft.client.gui.screens.LevelLoadingScreen@6f5bdfe0
[m[34m[02:39:34][m [32m[Server thread/INFO][m [36m(Minecraft)[m [0mPreparing spawn area: 58%
[m[34m[02:39:34][m [32m[Render thread/INFO][m [36m(fabric-client-gametest-api-v1)[m [0mWorld loading finished: null screen: net.minecraft.client.gui.screens.LevelLoadingScreen@6f5bdfe0
[m[34m[02:39:34][m [32m[Render thread/INFO][m [36m(fabric-client-gametest-api-v1)[m [0mWorld loading finished: null screen: net.minecraft.client.gui.screens.LevelLoadingScreen@6f5bdfe0
[m[34m[02:39:34][m [32m[Server thread/INFO][m [36m(Minecraft)[m [0mTime elapsed: 13101 ms
[m[34m[02:39:34][m [32m[Render thread/INFO][m [36m(fabric-client-gametest-api-v1)[m [0mWorld loading finished: null screen: net.minecraft.client.gui.screens.LevelLoadingScreen@6f5bdfe0
[m[34m[02:39:34][m [32m[Server thread/INFO][m [36m(Minecraft)[m [0mPlayer0[local:E:ee8ef3db] logged in with entity id 24 at (5.5, 70.0, 7.5)
[m[34m[02:39:34][m [32m[Server thread/INFO][m [36m(Minecraft)[m [0mPlayer0 joined the game
[m[34m[02:39:34][m [32m[Server thread/INFO][m [36m(Minecraft)[m [0mChanging view distance to 5, from 10
[m[34m[02:39:34][m [32m[Server thread/INFO][m [36m(Minecraft)[m [0mChanging simulation distance to 12, from 0
[m[34m[02:39:34][m [32m[Render thread/INFO][m [36m(fabric-client-gametest-api-v1)[m [0mWorld loading finished: null screen: net.minecraft.client.gui.screens.LevelLoadingScreen@6f5bdfe0
[m[34m[02:39:34][m [32m[Render thread/INFO][m [36m(Minecraft)[m [0mLoaded 2 advancements
[m[34m[02:39:34][m [32m[Render thread/INFO][m [36m(fabric-client-gametest-api-v1)[m [0mWorld loading finished: ClientLevel screen: net.minecraft.client.gui.screens.LevelLoadingScreen@6f5bdfe0
[m[34m[02:39:34][m [32m[Render thread/INFO][m [36m(Minecraft)[m [0mResizing Dynamic Transforms UBO, capacity limit of 2 reached during a single frame. New capacity will be 4.
[m[34m[02:39:34][m [32m[Render thread/INFO][m [36m(fabric-client-gametest-api-v1)[m [0mWorld loading finished: ClientLevel screen: net.minecraft.client.gui.screens.LevelLoadingScreen@6f5bdfe0
[m[34m[02:39:34][m [32m[Render thread/INFO][m [36m(Minecraft)[m [0mResizing Dynamic Transforms UBO, capacity limit of 4 reached during a single frame. New capacity will be 8.
[m[34m[02:39:34][m [32m[Render thread/INFO][m [36m(fabric-client-gametest-api-v1)[m [0mWorld loading finished: ClientLevel screen: net.minecraft.client.gui.screens.LevelLoadingScreen@6f5bdfe0
[m[34m[02:39:34][m [32m[Render thread/INFO][m [36m(fabric-client-gametest-api-v1)[m [0mWorld loading finished: ClientLevel screen: net.minecraft.client.gui.screens.LevelLoadingScreen@6f5bdfe0
[m[34m[02:39:34][m [32m[Render thread/INFO][m [36m(fabric-client-gametest-api-v1)[m [0mWorld loading finished: ClientLevel screen: net.minecraft.client.gui.screens.LevelLoadingScreen@6f5bdfe0
[m[34m[02:39:35][m [32m[Render thread/INFO][m [36m(Minecraft)[m [0mResizing Chunk Sections UBO, capacity limit of 2 reached during a single frame. New capacity will be 8.
[m[34m[02:39:35][m [32m[Render thread/INFO][m [36m(fabric-client-gametest-api-v1)[m [0mWorld loading finished: ClientLevel screen: net.minecraft.client.gui.screens.LevelLoadingScreen@6f5bdfe0
[m[34m[02:39:35][m [32m[Render thread/INFO][m [36m(Minecraft)[m [0mResizing Chunk Sections UBO, capacity limit of 8 reached during a single frame. New capacity will be 16.
[m[34m[02:39:35][m [32m[Render thread/INFO][m [36m(fabric-client-gametest-api-v1)[m [0mWorld loading finished: ClientLevel screen: net.minecraft.client.gui.screens.LevelLoadingScreen@6f5bdfe0
[m[34m[02:39:35][m [32m[Render thread/INFO][m [36m(fabric-client-gametest-api-v1)[m [0mWorld loading finished: ClientLevel screen: net.minecraft.client.gui.screens.LevelLoadingScreen@6f5bdfe0
[m[34m[02:39:35][m [32m[Render thread/INFO][m [36m(fabric-client-gametest-api-v1)[m [0mWorld loading finished: ClientLevel screen: net.minecraft.client.gui.screens.LevelLoadingScreen@6f5bdfe0
[m[34m[02:39:35][m [32m[Render thread/INFO][m [36m(fabric-client-gametest-api-v1)[m [0mWorld loading finished: ClientLevel screen: net.minecraft.client.gui.screens.LevelLoadingScreen@6f5bdfe0
[m[34m[02:39:35][m [32m[Render thread/INFO][m [36m(fabric-client-gametest-api-v1)[m [0mWorld loading finished: ClientLevel screen: net.minecraft.client.gui.screens.LevelLoadingScreen@6f5bdfe0
[m[34m[02:39:35][m [32m[Render thread/INFO][m [36m(fabric-client-gametest-api-v1)[m [0mWorld loading finished: ClientLevel screen: net.minecraft.client.gui.screens.LevelLoadingScreen@6f5bdfe0
[m[34m[02:39:35][m [32m[Render thread/INFO][m [36m(fabric-client-gametest-api-v1)[m [0mWorld loading finished: ClientLevel screen: net.minecraft.client.gui.screens.LevelLoadingScreen@6f5bdfe0
[m[34m[02:39:35][m [32m[Render thread/INFO][m [36m(fabric-client-gametest-api-v1)[m [0mWorld loading finished: ClientLevel screen: net.minecraft.client.gui.screens.LevelLoadingScreen@6f5bdfe0
[m[34m[02:39:35][m [32m[Render thread/INFO][m [36m(fabric-client-gametest-api-v1)[m [0mWorld loading finished: ClientLevel screen: net.minecraft.client.gui.screens.LevelLoadingScreen@6f5bdfe0
[m[34m[02:39:35][m [32m[Render thread/INFO][m [36m(fabric-client-gametest-api-v1)[m [0mWorld loading finished: ClientLevel screen: net.minecraft.client.gui.screens.LevelLoadingScreen@6f5bdfe0
[m[34m[02:39:35][m [32m[Render thread/INFO][m [36m(fabric-client-gametest-api-v1)[m [0mWorld loading finished: ClientLevel screen: null
[m[34m[02:39:35][m [32m[Test thread/INFO][m [36m(Minecraft)[m [0m[STDOUT]: World created, waiting for chunks to render...
[m[34m[02:39:40][m [32m[Render thread/INFO][m [36m(Minecraft)[m [0mResizing Chunk Sections UBO, capacity limit of 16 reached during a single frame. New capacity will be 32.
[m[34m[02:39:47][m [32m[Render thread/INFO][m [36m(Minecraft)[m [0mResizing Chunk Sections UBO, capacity limit of 32 reached during a single frame. New capacity will be 64.
[m[34m[02:39:53][m [32m[Render thread/INFO][m [36m(Minecraft)[m [0mResizing Dynamic Transforms UBO, capacity limit of 8 reached during a single frame. New capacity will be 16.
[m[34m[02:39:53][m [32m[Render thread/INFO][m [36m(Minecraft)[m [0mResizing Chunk Sections UBO, capacity limit of 64 reached during a single frame. New capacity will be 128.
[m[34m[02:39:53][m [32m[Test thread/INFO][m [36m(Minecraft)[m [0m[STDOUT]: 
=== Checking Specific Problem Coordinate ===
[m[34m[02:39:53][m [32m[Test thread/INFO][m [36m(Minecraft)[m [0m[STDOUT]: User reported: x=94, y=79, z=-304 shows plains biome with ocean ruins
[m[34m[02:39:53][m [32m[Test thread/INFO][m [36m(Minecraft)[m [0m[STDOUT]: 
=== COORDINATE ALIGNMENT EXPLANATION ===
[m[34m[02:39:53][m [32m[Test thread/INFO][m [36m(Minecraft)[m [0m[STDOUT]: Biomes are stored at QUART resolution (4 blocks per biome):
[m[34m[02:39:53][m [32m[Test thread/INFO][m [36m(Minecraft)[m [0m[STDOUT]:   Block 94 -> Quart 23 (94 >> 2) -> Aligned blocks 92-95 share same biome
[m[34m[02:39:53][m [32m[Test thread/INFO][m [36m(Minecraft)[m [0m[STDOUT]:   Block -304 -> Quart -76 (-304 >> 2) -> Aligned blocks -304 to -301 share same biome
[m[34m[02:39:53][m [32m[Server thread/INFO][m [36m(Minecraft)[m [0m[STDOUT]: 
  Problem coord: (94, -304)
[m[34m[02:39:53][m [32m[Server thread/INFO][m [36m(Minecraft)[m [0m[STDOUT]:   Quart coords: (23, -76)
[m[34m[02:39:53][m [32m[Server thread/INFO][m [36m(Minecraft)[m [0m[STDOUT]:   Aligned block coords: (92, -304)
[m[34m[02:39:53][m [32m[Server thread/INFO][m [36m(Minecraft)[m [0m[STDOUT]: 
At aligned coords (92, 79, -304):
[m[34m[02:39:53][m [32m[Server thread/INFO][m [36m(Minecraft)[m [0m[STDOUT]:   World Biome: minecraft:deep_ocean
[m[34m[02:39:53][m [32m[Server thread/INFO][m [36m(Minecraft)[m [0m[STDOUT]:   ACTUAL REGION (from World.getRegion): BORDER
[m[34m[02:39:53][m [32m[Server thread/INFO][m [36m(Minecraft)[m [0m[STDOUT]:   Distance from origin: 317
[m[34m[02:39:53][m [32m[Server thread/INFO][m [36m(Minecraft)[m [0m[STDOUT]: 
  Region hierarchy at this point:
[m[34m[02:39:53][m [32m[Server thread/INFO][m [36m(Minecraft)[m [0m[STDOUT]:     Depth 1: BORDER
[m[34m[02:39:53][m [32m[Server thread/INFO][m [36m(Minecraft)[m [0m[STDOUT]:     Depth 2: BORDER
[m[34m[02:39:53][m [32m[Server thread/INFO][m [36m(Minecraft)[m [0m[STDOUT]:     Depth 3: BORDER
[m[34m[02:39:53][m [32m[Server thread/INFO][m [36m(Minecraft)[m [0m[STDOUT]:     Depth 4: BORDER
[m[34m[02:39:53][m [32m[Server thread/INFO][m [36m(Minecraft)[m [0m[STDOUT]:     Depth 5: BORDER
[m[34m[02:39:53][m [32m[Server thread/INFO][m [36m(Minecraft)[m [0m[STDOUT]: 
=== TERRAIN HEIGHT VERIFICATION ===
[m[34m[02:39:53][m [32m[Server thread/INFO][m [36m(Minecraft)[m [0m[STDOUT]: At (92, -304):
[m[34m[02:39:53][m [32m[Server thread/INFO][m [36m(Minecraft)[m [0m[STDOUT]:   Region: BORDER
[m[34m[02:39:53][m [32m[Server thread/INFO][m [36m(Minecraft)[m [0m[STDOUT]:   Expected maxHeight: 50
[m[34m[02:39:53][m [32m[Server thread/INFO][m [36m(Minecraft)[m [0m[STDOUT]:   Actual surface height (WORLD_SURFACE): -64
[m[34m[02:39:53][m [32m[Server thread/INFO][m [36m(Minecraft)[m [0m[STDOUT]:   Ocean floor height (OCEAN_FLOOR): -64
[m[34m[02:39:53][m [32m[Server thread/INFO][m [36m(Minecraft)[m [0m[STDOUT]:   Motion blocking height (MOTION_BLOCKING): -64
[m[34m[02:39:53][m [32m[Server thread/INFO][m [36m(Minecraft)[m [0m[STDOUT]:   тЬУ TERRAIN CONSTRAINED CORRECTLY: ocean floor -64 <= maxHeight 50
[m[34m[02:39:53][m [32m[Server thread/INFO][m [36m(Minecraft)[m [0m[STDOUT]: 
  Sampling additional BORDER region points for terrain heights:
[m[34m[02:39:53][m [32m[Server thread/INFO][m [36m(Minecraft)[m [0m[STDOUT]:     тЬУ (48, -333): floor=-64 surface=-64
[m[34m[02:39:53][m [32m[Server thread/INFO][m [36m(Minecraft)[m [0m[STDOUT]:     тЬУ (90, -300): floor=-64 surface=-64
[m[34m[02:39:53][m [32m[Test thread/INFO][m [36m(Minecraft)[m [0m[STDOUT]: 
=== TELEPORTING TO PROBLEM LOCATION ===
[m[34m[02:39:53][m [32m[Test thread/INFO][m [36m(Minecraft)[m [0m[STDOUT]: Teleporting to (94, 200, -304) and waiting for fall...
[m[34m[02:40:00][m [33m[Server thread/WARN][m [36m(Minecraft)[m [0mCan't keep up! Is the server overloaded? Running 7360ms or 147 ticks behind
[m[34m[02:40:03][m [32m[Render thread/INFO][m [36m(Minecraft)[m [0mLoaded 12 advancements
[m[34m[02:40:15][m [32m[Server thread/INFO][m [36m(Minecraft)[m [0m[STDOUT]: 
=== ACTUAL TERRAIN HEIGHT (from player position) ===
[m[34m[02:40:15][m [32m[Server thread/INFO][m [36m(Minecraft)[m [0m[STDOUT]: Player landed at: (94, 56.0, -304)
[m[34m[02:40:15][m [32m[Server thread/INFO][m [36m(Minecraft)[m [0m[STDOUT]: Blocks at player column (from Y=100 down to Y=-64):
[m[34m[02:40:15][m [32m[Server thread/INFO][m [36m(Minecraft)[m [0m[STDOUT]:   Player Y position: 56.0
[m[34m[02:40:15][m [32m[Server thread/INFO][m [36m(Minecraft)[m [0m[STDOUT]:   ---
[m[34m[02:40:15][m [32m[Server thread/INFO][m [36m(Minecraft)[m [0m[STDOUT]:   Y=62: Water
[m[34m[02:40:15][m [32m[Server thread/INFO][m [36m(Minecraft)[m [0m[STDOUT]:   Y=61: Water
[m[34m[02:40:15][m [32m[Server thread/INFO][m [36m(Minecraft)[m [0m[STDOUT]:   Y=60: Water
[m[34m[02:40:15][m [32m[Server thread/INFO][m [36m(Minecraft)[m [0m[STDOUT]:   Y=59: Water
[m[34m[02:40:15][m [32m[Server thread/INFO][m [36m(Minecraft)[m [0m[STDOUT]:   Y=58: Water
[m[34m[02:40:15][m [32m[Server thread/INFO][m [36m(Minecraft)[m [0m[STDOUT]:   Y=57: Water
[m[34m[02:40:15][m [32m[Server thread/INFO][m [36m(Minecraft)[m [0m[STDOUT]:   Y=56: Water <-- player feet
[m[34m[02:40:15][m [32m[Server thread/INFO][m [36m(Minecraft)[m [0m[STDOUT]:   Y=55: Water
[m[34m[02:40:15][m [32m[Server thread/INFO][m [36m(Minecraft)[m [0m[STDOUT]:   Y=54: Mossy Stone Bricks
[m[34m[02:40:15][m [32m[Server thread/INFO][m [36m(Minecraft)[m [0m[STDOUT]:   Y=53: Cracked Stone Bricks
[m[34m[02:40:15][m [32m[Server thread/INFO][m [36m(Minecraft)[m [0m[STDOUT]:   Y=52: Mossy Stone Bricks
[m[34m[02:40:15][m [32m[Server thread/INFO][m [36m(Minecraft)[m [0m[STDOUT]:   Y=51: Suspicious Gravel
[m[34m[02:40:15][m [32m[Server thread/INFO][m [36m(Minecraft)[m [0m[STDOUT]:   Y=50: Gravel
[m[34m[02:40:15][m [32m[Server thread/INFO][m [36m(Minecraft)[m [0m[STDOUT]:   Y=49: Stone
[m[34m[02:40:15][m [32m[Server thread/INFO][m [36m(Minecraft)[m [0m[STDOUT]:   Y=48: Stone
[m[34m[02:40:15][m [32m[Server thread/INFO][m [36m(Minecraft)[m [0m[STDOUT]:   Y=47: Stone
[m[34m[02:40:15][m [32m[Server thread/INFO][m [36m(Minecraft)[m [0m[STDOUT]:   Y=46: Diorite
[m[34m[02:40:15][m [32m[Server thread/INFO][m [36m(Minecraft)[m [0m[STDOUT]:   Y=45: Water
[m[34m[02:40:15][m [32m[Server thread/INFO][m [36m(Minecraft)[m [0m[STDOUT]:   Y=44: Water
[m[34m[02:40:15][m [32m[Server thread/INFO][m [36m(Minecraft)[m [0m[STDOUT]:   Y=43: Water
[m[34m[02:40:15][m [32m[Server thread/INFO][m [36m(Minecraft)[m [0m[STDOUT]:   Y=42: Water
[m[34m[02:40:15][m [32m[Server thread/INFO][m [36m(Minecraft)[m [0m[STDOUT]:   Y=41: Water
[m[34m[02:40:15][m [32m[Server thread/INFO][m [36m(Minecraft)[m [0m[STDOUT]:   Y=40: Water
[m[34m[02:40:15][m [32m[Server thread/INFO][m [36m(Minecraft)[m [0m[STDOUT]:   Y=39: Water
[m[34m[02:40:15][m [32m[Server thread/INFO][m [36m(Minecraft)[m [0m[STDOUT]:   Y=38: Stone
[m[34m[02:40:15][m [32m[Server thread/INFO][m [36m(Minecraft)[m [0m[STDOUT]:   Y=37: Stone
[m[34m[02:40:15][m [32m[Server thread/INFO][m [36m(Minecraft)[m [0m[STDOUT]:   Y=36: Stone
[m[34m[02:40:15][m [32m[Server thread/INFO][m [36m(Minecraft)[m [0m[STDOUT]:   Y=35: Andesite
[m[34m[02:40:15][m [32m[Server thread/INFO][m [36m(Minecraft)[m [0m[STDOUT]:   Y=34: Andesite
[m[34m[02:40:15][m [32m[Server thread/INFO][m [36m(Minecraft)[m [0m[STDOUT]:   Y=33: Andesite
[m[34m[02:40:15][m [32m[Server thread/INFO][m [36m(Minecraft)[m [0m[STDOUT]:   Y=32: Andesite
[m[34m[02:40:15][m [32m[Server thread/INFO][m [36m(Minecraft)[m [0m[STDOUT]:   Y=31: Andesite
[m[34m[02:40:15][m [32m[Server thread/INFO][m [36m(Minecraft)[m [0m[STDOUT]:   Y=30: Andesite
[m[34m[02:40:15][m [32m[Server thread/INFO][m [36m(Minecraft)[m [0m[STDOUT]:   Y=29: Stone
[m[34m[02:40:15][m [32m[Server thread/INFO][m [36m(Minecraft)[m [0m[STDOUT]:   Y=28: Stone
[m[34m[02:40:15][m [32m[Server thread/INFO][m [36m(Minecraft)[m [0m[STDOUT]:   Y=27: Stone
[m[34m[02:40:15][m [32m[Server thread/INFO][m [36m(Minecraft)[m [0m[STDOUT]:   Y=26: Stone
[m[34m[02:40:15][m [32m[Server thread/INFO][m [36m(Minecraft)[m [0m[STDOUT]:   Y=25: Stone
[m[34m[02:40:15][m [32m[Server thread/INFO][m [36m(Minecraft)[m [0m[STDOUT]:   Y=24: Stone
[m[34m[02:40:15][m [32m[Server thread/INFO][m [36m(Minecraft)[m [0m[STDOUT]:   Y=16: Water
[m[34m[02:40:15][m [32m[Server thread/INFO][m [36m(Minecraft)[m [0m[STDOUT]:   Y=15: Water
[m[34m[02:40:15][m [32m[Server thread/INFO][m [36m(Minecraft)[m [0m[STDOUT]:   Y=14: Water
[m[34m[02:40:15][m [32m[Server thread/INFO][m [36m(Minecraft)[m [0m[STDOUT]:   Y=13: Water
[m[34m[02:40:15][m [32m[Server thread/INFO][m [36m(Minecraft)[m [0m[STDOUT]:   Y=12: Water
[m[34m[02:40:15][m [32m[Server thread/INFO][m [36m(Minecraft)[m [0m[STDOUT]:   Y=11: Water
[m[34m[02:40:15][m [32m[Server thread/INFO][m [36m(Minecraft)[m [0m[STDOUT]:   Y=10: Water
[m[34m[02:40:15][m [32m[Server thread/INFO][m [36m(Minecraft)[m [0m[STDOUT]:   Y=9: Granite
[m[34m[02:40:15][m [32m[Server thread/INFO][m [36m(Minecraft)[m [0m[STDOUT]:   Y=8: Granite
[m[34m[02:40:15][m [32m[Server thread/INFO][m [36m(Minecraft)[m [0m[STDOUT]:   Y=7: Granite
[m[34m[02:40:15][m [32m[Server thread/INFO][m [36m(Minecraft)[m [0m[STDOUT]:   Y=6: Granite
[m[34m[02:40:15][m [32m[Server thread/INFO][m [36m(Minecraft)[m [0m[STDOUT]:   Y=5: Granite
[m[34m[02:40:15][m [32m[Server thread/INFO][m [36m(Minecraft)[m [0m[STDOUT]:   Y=4: Granite
[m[34m[02:40:15][m [32m[Server thread/INFO][m [36m(Minecraft)[m [0m[STDOUT]:   Y=3: Granite
[m[34m[02:40:15][m [32m[Server thread/INFO][m [36m(Minecraft)[m [0m[STDOUT]:   Y=2: Granite
[m[34m[02:40:15][m [32m[Server thread/INFO][m [36m(Minecraft)[m [0m[STDOUT]:   Y=1: Granite
[m[34m[02:40:15][m [32m[Server thread/INFO][m [36m(Minecraft)[m [0m[STDOUT]:   Y=0: Granite
[m[34m[02:40:15][m [32m[Server thread/INFO][m [36m(Minecraft)[m [0m[STDOUT]:   Y=-1: Granite
[m[34m[02:40:15][m [32m[Server thread/INFO][m [36m(Minecraft)[m [0m[STDOUT]:   Y=-2: Granite
[m[34m[02:40:15][m [32m[Server thread/INFO][m [36m(Minecraft)[m [0m[STDOUT]:   Y=-3: Deepslate
[m[34m[02:40:15][m [32m[Server thread/INFO][m [36m(Minecraft)[m [0m[STDOUT]:   Y=-4: Deepslate
[m[34m[02:40:15][m [32m[Server thread/INFO][m [36m(Minecraft)[m [0m[STDOUT]:   Y=-5: Deepslate
[m[34m[02:40:15][m [32m[Server thread/INFO][m [36m(Minecraft)[m [0m[STDOUT]:   Y=-6: Deepslate
[m[34m[02:40:15][m [32m[Server thread/INFO][m [36m(Minecraft)[m [0m[STDOUT]:   Y=-7: Deepslate
[m[34m[02:40:15][m [32m[Server thread/INFO][m [36m(Minecraft)[m [0m[STDOUT]:   Y=-8: Deepslate
[m[34m[02:40:15][m [32m[Server thread/INFO][m [36m(Minecraft)[m [0m[STDOUT]:   Y=-9: Deepslate
[m[34m[02:40:15][m [32m[Server thread/INFO][m [36m(Minecraft)[m [0m[STDOUT]:   Y=-10: Deepslate
[m[34m[02:40:15][m [32m[Server thread/INFO][m [36m(Minecraft)[m [0m[STDOUT]:   Y=-11: Deepslate
[m[34m[02:40:15][m [32m[Server thread/INFO][m [36m(Minecraft)[m [0m[STDOUT]:   Y=-12: Deepslate
[m[34m[02:40:15][m [32m[Server thread/INFO][m [36m(Minecraft)[m [0m[STDOUT]:   Y=-13: Deepslate
[m[34m[02:40:15][m [32m[Server thread/INFO][m [36m(Minecraft)[m [0m[STDOUT]:   Y=-14: Deepslate
[m[34m[02:40:15][m [32m[Server thread/INFO][m [36m(Minecraft)[m [0m[STDOUT]:   Y=-15: Deepslate
[m[34m[02:40:15][m [32m[Server thread/INFO][m [36m(Minecraft)[m [0m[STDOUT]:   Y=-16: Deepslate
[m[34m[02:40:15][m [32m[Server thread/INFO][m [36m(Minecraft)[m [0m[STDOUT]:   Y=-17: Deepslate
[m[34m[02:40:15][m [32m[Server thread/INFO][m [36m(Minecraft)[m [0m[STDOUT]:   Y=-18: Deepslate
[m[34m[02:40:15][m [32m[Server thread/INFO][m [36m(Minecraft)[m [0m[STDOUT]:   Y=-19: Deepslate
[m[34m[02:40:15][m [32m[Server thread/INFO][m [36m(Minecraft)[m [0m[STDOUT]:   Y=-20: Deepslate
[m[34m[02:40:15][m [32m[Server thread/INFO][m [36m(Minecraft)[m [0m[STDOUT]:   Y=-21: Deepslate
[m[34m[02:40:15][m [32m[Server thread/INFO][m [36m(Minecraft)[m [0m[STDOUT]:   Y=-22: Deepslate
[m[34m[02:40:15][m [32m[Server thread/INFO][m [36m(Minecraft)[m [0m[STDOUT]:   Y=-23: Deepslate
[m[34m[02:40:15][m [32m[Server thread/INFO][m [36m(Minecraft)[m [0m[STDOUT]:   Y=-24: Deepslate
[m[34m[02:40:15][m [32m[Server thread/INFO][m [36m(Minecraft)[m [0m[STDOUT]:   Y=-25: Deepslate
[m[34m[02:40:15][m [32m[Server thread/INFO][m [36m(Minecraft)[m [0m[STDOUT]:   Y=-26: Deepslate
[m[34m[02:40:15][m [32m[Server thread/INFO][m [36m(Minecraft)[m [0m[STDOUT]:   Y=-27: Deepslate
[m[34m[02:40:15][m [32m[Server thread/INFO][m [36m(Minecraft)[m [0m[STDOUT]:   Y=-28: Deepslate
[m[34m[02:40:15][m [32m[Server thread/INFO][m [36m(Minecraft)[m [0m[STDOUT]:   Y=-29: Deepslate
[m[34m[02:40:15][m [32m[Server thread/INFO][m [36m(Minecraft)[m [0m[STDOUT]:   Y=-30: Deepslate
[m[34m[02:40:15][m [32m[Server thread/INFO][m [36m(Minecraft)[m [0m[STDOUT]:   Y=-31: Deepslate
[m[34m[02:40:15][m [32m[Server thread/INFO][m [36m(Minecraft)[m [0m[STDOUT]:   Y=-32: Deepslate
[m[34m[02:40:15][m [32m[Server thread/INFO][m [36m(Minecraft)[m [0m[STDOUT]:   Y=-33: Deepslate
[m[34m[02:40:15][m [32m[Server thread/INFO][m [36m(Minecraft)[m [0m[STDOUT]:   Y=-34: Deepslate
[m[34m[02:40:15][m [32m[Server thread/INFO][m [36m(Minecraft)[m [0m[STDOUT]:   Y=-35: Deepslate
[m[34m[02:40:15][m [32m[Server thread/INFO][m [36m(Minecraft)[m [0m[STDOUT]:   Y=-36: Deepslate
[m[34m[02:40:15][m [32m[Server thread/INFO][m [36m(Minecraft)[m [0m[STDOUT]:   Y=-37: Deepslate
[m[34m[02:40:15][m [32m[Server thread/INFO][m [36m(Minecraft)[m [0m[STDOUT]:   Y=-38: Deepslate
[m[34m[02:40:15][m [32m[Server thread/INFO][m [36m(Minecraft)[m [0m[STDOUT]:   Y=-39: Tuff
[m[34m[02:40:15][m [32m[Server thread/INFO][m [36m(Minecraft)[m [0m[STDOUT]:   Y=-40: Tuff
[m[34m[02:40:15][m [32m[Server thread/INFO][m [36m(Minecraft)[m [0m[STDOUT]:   Y=-41: Tuff
[m[34m[02:40:15][m [32m[Server thread/INFO][m [36m(Minecraft)[m [0m[STDOUT]:   Y=-42: Deepslate
[m[34m[02:40:15][m [32m[Server thread/INFO][m [36m(Minecraft)[m [0m[STDOUT]:   Y=-43: Deepslate
[m[34m[02:40:15][m [32m[Server thread/INFO][m [36m(Minecraft)[m [0m[STDOUT]:   Y=-44: Deepslate
[m[34m[02:40:15][m [32m[Server thread/INFO][m [36m(Minecraft)[m [0m[STDOUT]:   Y=-45: Deepslate
[m[34m[02:40:15][m [32m[Server thread/INFO][m [36m(Minecraft)[m [0m[STDOUT]:   Y=-46: Deepslate
[m[34m[02:40:15][m [32m[Server thread/INFO][m [36m(Minecraft)[m [0m[STDOUT]:   Y=-47: Deepslate
[m[34m[02:40:15][m [32m[Server thread/INFO][m [36m(Minecraft)[m [0m[STDOUT]:   Y=-48: Deepslate
[m[34m[02:40:15][m [32m[Server thread/INFO][m [36m(Minecraft)[m [0m[STDOUT]:   Y=-49: Tuff
[m[34m[02:40:15][m [32m[Server thread/INFO][m [36m(Minecraft)[m [0m[STDOUT]:   Y=-50: Tuff
[m[34m[02:40:15][m [32m[Server thread/INFO][m [36m(Minecraft)[m [0m[STDOUT]:   Y=-51: Tuff
[m[34m[02:40:15][m [32m[Server thread/INFO][m [36m(Minecraft)[m [0m[STDOUT]:   Y=-52: Tuff
[m[34m[02:40:15][m [32m[Server thread/INFO][m [36m(Minecraft)[m [0m[STDOUT]:   Y=-53: Tuff
[m[34m[02:40:15][m [32m[Server thread/INFO][m [36m(Minecraft)[m [0m[STDOUT]:   Y=-54: Tuff
[m[34m[02:40:15][m [32m[Server thread/INFO][m [36m(Minecraft)[m [0m[STDOUT]:   Y=-55: Tuff
[m[34m[02:40:15][m [32m[Server thread/INFO][m [36m(Minecraft)[m [0m[STDOUT]:   Y=-56: Tuff
[m[34m[02:40:15][m [32m[Server thread/INFO][m [36m(Minecraft)[m [0m[STDOUT]:   Y=-57: Deepslate
[m[34m[02:40:15][m [32m[Server thread/INFO][m [36m(Minecraft)[m [0m[STDOUT]:   Y=-58: Deepslate
[m[34m[02:40:15][m [32m[Server thread/INFO][m [36m(Minecraft)[m [0m[STDOUT]:   Y=-59: Deepslate
[m[34m[02:40:15][m [32m[Server thread/INFO][m [36m(Minecraft)[m [0m[STDOUT]:   Y=-60: Deepslate
[m[34m[02:40:15][m [32m[Server thread/INFO][m [36m(Minecraft)[m [0m[STDOUT]:   Y=-61: Deepslate
[m[34m[02:40:15][m [32m[Server thread/INFO][m [36m(Minecraft)[m [0m[STDOUT]:   Y=-62: Bedrock
[m[34m[02:40:15][m [32m[Server thread/INFO][m [36m(Minecraft)[m [0m[STDOUT]:   Y=-63: Bedrock
[m[34m[02:40:15][m [32m[Server thread/INFO][m [36m(Minecraft)[m [0m[STDOUT]:   Y=-64: Bedrock
[m[34m[02:40:15][m [32m[Server thread/INFO][m [36m(Minecraft)[m [0m[STDOUT]: 
Region: BORDER
[m[34m[02:40:15][m [32m[Server thread/INFO][m [36m(Minecraft)[m [0m[STDOUT]: Expected maxHeight: 50
[m[34m[02:40:15][m [32m[Server thread/INFO][m [36m(Minecraft)[m [0m[STDOUT]: Actual terrain height (player Y): 56
[m[34m[02:40:15][m [32m[Server thread/INFO][m [36m(Minecraft)[m [0m[STDOUT]: Highest solid block at Y=54: Mossy Stone Bricks
[m[34m[02:40:15][m [32m[Server thread/INFO][m [36m(Minecraft)[m [0m[STDOUT]: Biome at location: minecraft:deep_ocean
[m[34m[02:40:15][m [32m[Server thread/INFO][m [36m(Minecraft)[m [0m[STDOUT]: тЬУ TERRAIN CONSTRAINED (structure above): base terrain at 50, structure at 54
[m[34m[02:40:16][m [32m[Test thread/INFO][m [36m(Minecraft)[m [0m[STDOUT]:   Screenshot taken at problem location
[m[34m[02:40:16][m [32m[Test thread/INFO][m [36m(Minecraft)[m [0m[STDOUT]: 
=== Test Complete ===
[m[34m[02:40:16][m [32m[Server thread/INFO][m [36m(Minecraft)[m [0mPlayer0 lost connection: Disconnected
[m[34m[02:40:16][m [32m[Server thread/INFO][m [36m(Minecraft)[m [0mPlayer0 left the game
[m[34m[02:40:16][m [32m[Server thread/INFO][m [36m(Minecraft)[m [0mStopping singleplayer server as player logged out
[m[34m[02:40:16][m [32m[Server thread/INFO][m [36m(Minecraft)[m [0mStopping server
[m[34m[02:40:16][m [32m[Server thread/INFO][m [36m(Minecraft)[m [0mSaving players
[m[34m[02:40:16][m [32m[Server thread/INFO][m [36m(Minecraft)[m [0mSaving worlds
[m[34m[02:40:16][m [32m[Server thread/INFO][m [36m(Minecraft)[m [0mSaving chunks for level 'ServerLevel[New World]'/minecraft:overworld
[m[34m[02:40:16][m [32m[Server thread/INFO][m [36m(Minecraft)[m [0mSaving chunks for level 'ServerLevel[New World]'/minecraft:the_end
[m[34m[02:40:16][m [32m[Server thread/INFO][m [36m(Minecraft)[m [0mSaving chunks for level 'ServerLevel[New World]'/minecraft:the_nether
[m[34m[02:40:16][m [32m[Server thread/INFO][m [36m(Minecraft)[m [0mThreadedAnvilChunkStorage (New World): All chunks are saved
[m[34m[02:40:16][m [32m[Server thread/INFO][m [36m(Minecraft)[m [0mThreadedAnvilChunkStorage (DIM1): All chunks are saved
[m[34m[02:40:16][m [32m[Server thread/INFO][m [36m(Minecraft)[m [0mThreadedAnvilChunkStorage (DIM-1): All chunks are saved
[m[34m[02:40:16][m [32m[Server thread/INFO][m [36m(Minecraft)[m [0mThreadedAnvilChunkStorage: All dimensions are saved
[m[34m[02:40:17][m [32m[Render thread/INFO][m [36m(Minecraft)[m [0mStopping!
[m
BUILD SUCCESSFUL in 1m 18s
16 actionable tasks: 3 executed, 13 up-to-date
Consider enabling configuration cache to speed up this build: https://docs.gradle.org/9.2.1/userguide/configuration_cache_enabling.html
